[2026-05-25 17:31:21] ============================================================
[2026-05-25 17:31:21] License search started
[2026-05-25 17:31:21] SCRIPT_DIR = F:\Coding\Python-Scripts\Dopus_Clone\releasetest\quopus
[2026-05-25 17:31:21] CONFIG_DIR = F:\Coding\Python-Scripts\Dopus_Clone\releasetest\quopus\config
[2026-05-25 17:31:21] sys.executable = C:\Users\j\AppData\Local\Programs\Python\Python311\python.exe
[2026-05-25 17:31:21] frozen = False
[2026-05-25 17:31:21] Public key OVERRIDE active from quopus_keys.cfg
[2026-05-25 17:31:21]   effective: 232934852b8c8636...d50b5864
[2026-05-25 17:31:21]   check F:\Coding\Python-Scripts\Dopus_Clone\releasetest\quopus\config\quopus.lic -> exists=False
[2026-05-25 17:31:21]   check F:\Coding\Python-Scripts\Dopus_Clone\releasetest\quopus\quopus.lic -> exists=False
[2026-05-25 17:31:21]   check C:\Users\j\AppData\Roaming\quopus\quopus.lic -> exists=False
[2026-05-25 17:31:21] No license file found in any search path
[2026-05-25 17:31:35] Parsing C:\Users\j\Downloads\L0001_lastyletools.lic
[2026-05-25 17:31:35]   Signature verified OK
[2026-05-25 17:31:35]   OK: license valid for lA-sTYLe <lastyletools@gmail.com>
[2026-05-25 17:31:35]       tier: lifetime, features: ['PRO_DB_UNLIMITED', 'PRO_TELNET', 'PRO_SID', 'PRO_MULTI', 'PRO_PHONEBOOK_UNLIMITED', 'PRO_ASM64_SAVE', 'PRO_NO_NAG', 'PRO_NO_WATERMARK']
[2026-05-25 17:31:35] ============================================================
[2026-05-25 17:31:35] License search started
[2026-05-25 17:31:35] SCRIPT_DIR = F:\Coding\Python-Scripts\Dopus_Clone\releasetest\quopus
[2026-05-25 17:31:35] CONFIG_DIR = F:\Coding\Python-Scripts\Dopus_Clone\releasetest\quopus\config
[2026-05-25 17:31:35] sys.executable = C:\Users\j\AppData\Local\Programs\Python\Python311\python.exe
[2026-05-25 17:31:35] frozen = False
[2026-05-25 17:31:35] Public key OVERRIDE active from quopus_keys.cfg
[2026-05-25 17:31:35]   effective: 232934852b8c8636...d50b5864
[2026-05-25 17:31:35]   check F:\Coding\Python-Scripts\Dopus_Clone\releasetest\quopus\config\quopus.lic -> exists=True
[2026-05-25 17:31:35]     size = 546 bytes
[2026-05-25 17:31:35] Parsing F:\Coding\Python-Scripts\Dopus_Clone\releasetest\quopus\config\quopus.lic
[2026-05-25 17:31:35]   Signature verified OK
[2026-05-25 17:31:35]   OK: license valid for lA-sTYLe <lastyletools@gmail.com>
[2026-05-25 17:31:35]       tier: lifetime, features: ['PRO_DB_UNLIMITED', 'PRO_TELNET', 'PRO_SID', 'PRO_MULTI', 'PRO_PHONEBOOK_UNLIMITED', 'PRO_ASM64_SAVE', 'PRO_NO_NAG', 'PRO_NO_WATERMARK']
[2026-05-25 17:31:41] ============================================================
[2026-05-25 17:31:41] License search started
[2026-05-25 17:31:41] SCRIPT_DIR = F:\Coding\Python-Scripts\Dopus_Clone\releasetest\quopus
[2026-05-25 17:31:41] CONFIG_DIR = F:\Coding\Python-Scripts\Dopus_Clone\releasetest\quopus\config
[2026-05-25 17:31:41] sys.executable = C:\Users\j\AppData\Local\Programs\Python\Python311\python.exe
[2026-05-25 17:31:41] frozen = False
[2026-05-25 17:31:41] Public key OVERRIDE active from quopus_keys.cfg
[2026-05-25 17:31:41]   effective: 232934852b8c8636...d50b5864
[2026-05-25 17:31:41]   check F:\Coding\Python-Scripts\Dopus_Clone\releasetest\quopus\config\quopus.lic -> exists=True
[2026-05-25 17:31:41]     size = 546 bytes
[2026-05-25 17:31:41] Parsing F:\Coding\Python-Scripts\Dopus_Clone\releasetest\quopus\config\quopus.lic
[2026-05-25 17:31:41]   Signature verified OK
[2026-05-25 17:31:41]   OK: license valid for lA-sTYLe <lastyletools@gmail.com>
[2026-05-25 17:31:41]       tier: lifetime, features: ['PRO_DB_UNLIMITED', 'PRO_TELNET', 'PRO_SID', 'PRO_MULTI', 'PRO_PHONEBOOK_UNLIMITED', 'PRO_ASM64_SAVE', 'PRO_NO_NAG', 'PRO_NO_WATERMARK']
